Microchip MPLAB XC8 Compiler V2.20

Linker command line:

--edf=C:\Program Files\Microchip\xc8v220\pic\dat\en_msgs.txt -cn \
  -h+dist/default/production\tcpClientDEMO.X.production.sym \
  --cmf=dist/default/production\tcpClientDEMO.X.production.cmf -z \
  -Q16F18346 -oC:\Users\sandr\AppData\Local\Temp\s1gs.2 \
  --defsym=__MPLAB_BUILD=1 \
  -Mdist/default/production/tcpClientDEMO.X.production.map -E1 \
  -ver=XC8 Compiler --acfsm=1493 -ASTACK=02280h-02787h -pstack=STACK \
  -ACODE=00h-07FFhx8 -ASTRCODE=00h-03FFFh -ASTRING=00h-0FFhx64 \
  -ACONST=00h-0FFhx64 -AENTRY=00h-0FFhx64 -ACOMMON=070h-07Fh \
  -ABANK0=020h-06Fh -ABANK1=0A0h-0EFh -ABANK2=0120h-016Fh \
  -ABANK3=01A0h-01EFh -ABANK4=0220h-026Fh -ABANK5=02A0h-02EFh \
  -ABANK6=0320h-036Fh -ABANK7=03A0h-03EFh -ABANK8=0420h-046Fh \
  -ABANK9=04A0h-04EFh -ABANK10=0520h-056Fh -ABANK11=05A0h-05EFh \
  -ABANK12=0620h-066Fh -ABANK13=06A0h-06EFh -ABANK14=0720h-076Fh \
  -ABANK15=07A0h-07EFh -ABANK16=0820h-086Fh -ABANK17=08A0h-08EFh \
  -ABANK18=0920h-096Fh -ABANK19=09A0h-09EFh -ABANK20=0A20h-0A6Fh \
  -ABANK21=0AA0h-0AEFh -ABANK22=0B20h-0B6Fh -ABANK23=0BA0h-0BEFh \
  -ABANK24=0C20h-0C6Fh -ABANK25=0CA0h-0CBFh -ABIGRAM=02000h-027EFh \
  -ARAM=020h-06Fh,0A0h-0EFh,0120h-016Fh,01A0h-01EFh,0220h-026Fh,02A0h-02EFh,0320h-036Fh,03A0h-03EFh,0420h-046Fh,04A0h-04EFh,0520h-056Fh,05A0h-05EFh,0620h-066Fh,06A0h-06EFh,0720h-076Fh,07A0h-07EFh,0820h-086Fh,08A0h-08EFh,0920h-096Fh,09A0h-09EFh,0A20h-0A6Fh,0AA0h-0AEFh,0B20h-0B6Fh,0BA0h-0BEFh,0C20h-0C6Fh,0CA0h-0CBFh \
  -AABS1=020h-07Fh,0A0h-0EFh,0120h-016Fh,01A0h-01EFh,0220h-026Fh,02A0h-02EFh,0320h-036Fh,03A0h-03EFh,0420h-046Fh,04A0h-04EFh,0520h-056Fh,05A0h-05EFh,0620h-066Fh,06A0h-06EFh,0720h-076Fh,07A0h-07EFh,0820h-086Fh,08A0h-08EFh,0920h-096Fh,09A0h-09EFh,0A20h-0A6Fh,0AA0h-0AEFh,0B20h-0B6Fh,0BA0h-0BEFh,0C20h-0C6Fh,0CA0h-0CBFh \
  -ASFR0=00h-01Fh -ASFR1=080h-09Fh -ASFR2=0100h-011Fh -ASFR3=0180h-019Fh \
  -ASFR4=0200h-021Fh -ASFR5=0280h-029Fh -ASFR6=0300h-031Fh \
  -ASFR7=0380h-039Fh -ASFR8=0400h-041Fh -ASFR9=0480h-049Fh \
  -ASFR10=0500h-051Fh -ASFR11=0580h-059Fh -ASFR12=0600h-061Fh \
  -ASFR13=0680h-069Fh -ASFR14=0700h-071Fh -ASFR15=0780h-079Fh \
  -ASFR16=0800h-081Fh -ASFR17=0880h-089Fh -ASFR18=0900h-091Fh \
  -ASFR19=0980h-099Fh -ASFR20=0A00h-0A1Fh -ASFR21=0A80h-0A9Fh \
  -ASFR22=0B00h-0B1Fh -ASFR23=0B80h-0B9Fh -ASFR24=0C00h-0C1Fh \
  -ASFR25=0C80h-0C9Fh -ASFR26=0D00h-0D6Fh -ASFR27=0D80h-0DEFh \
  -ASFR28=0E00h-0E6Fh -ASFR29=0E80h-0EEFh -ASFR30=0F00h-0F6Fh \
  -ASFR31=0F80h-0FEFh -ACONFIG=08007h-0800Ah -DCONFIG=2 \
  -AIDLOC=08000h-08003h -DIDLOC=2 \
  -preset_vec=00h,intentry=04h,init,end_init -ppowerup=CODE -pcinit=CODE \
  -pfunctab=ENTRY -AEEDATA=00h-0FFh/0F000h -peeprom_data=EEDATA -DEEDATA=2 \
  -DCODE=2 -DSTRCODE=2 -DSTRING=2 -DCONST=2 -DENTRY=2 -k \
  C:\Users\sandr\AppData\Local\Temp\s1gs.o \
  dist/default/production\tcpClientDEMO.X.production.o 

Object code version is 3.11

Machine type is 16F18346



                Name                               Link     Load   Length Selector   Space Scale
C:\Users\sandr\AppData\Local\Temp\s1gs.o
                end_init                             12       12        2        8       0
                reset_vec                             0        0        2        0       0
                config                             8007     8007        4        0       4
dist/default/production\tcpClientDEMO.X.production.o
                cinit                                14       14       59        8       0
                intentry                              4        4        E        8       0
                text67_split_1                       6D       6D      57C        8       0
                config                             8007     8007        4        0       4
                text97                                3        3        1        6       0
                text96                             2B54     2B54       1A     56A8       0
                text94                             2B0F     2B0F       16     561E       0
                text93                             2D90     2D90       31     5B20       0
                text92                             1001     1001       83     2002       0
                text91                             29A5     29A5        9     534A       0
                text90                             2F3F     2F3F       3F     5E7E       0
                text89                             2DC1     2DC1       33     5B82       0
                text88                             2D62     2D62       2E     5AC4       0
                text87                             2C48     2C48       26     5890       0
                text86                             2F7E     2F7E       40     5EFC       0
                text85                             2A6D     2A6D       13     54DA       0
                text84                             2BC1     2BC1       20     5782       0
                text83                             2A80     2A80       13     5500       0
                text82                             2B25     2B25       16     564A       0
                text81                             2529     2529       A8     4A52       0
                text80                             2018     2018       47     4030       0
                text79                             2E5D     2E5D       36     5CBA       0
                text78                             2CE2     2CE2       28     59C4       0
                text77                             19ED     19ED      100     33DA       0
                text76                             1AED     1AED      11D     35DA       0
                text75                             2ABB     2ABB       15     5576       0
                text74                             2BA4     2BA4       1D     5748       0
                text73                             2A49     2A49       12     5492       0
                text72                             1084     1084      14E     2108       0
                text71                             14B7     14B7      349     296E       0
                text70                             2680     2680       BF     4D00       0
                text69                             29EF     29EF        D     53DE       0
                text68                             296E     296E        4     52DC       0
                text67                              A86      A86      57A     150C       0
                text66                             2C6E     2C6E       26     58DC       0
                text65                             2A93     2A93       14     5526       0
                text64                             243A     243A       76     4874       0
                text63                             2ECB     2ECB       39     5D96       0
                text62                             2F04     2F04       3B     5E08       0
                text61                             22ED     22ED       6C     45DA       0
                text60                             2AD0     2AD0       15     55A0       0
                text59                             2C94     2C94       27     5928       0
                text58                             2282     2282       6B     4504       0
                text57                             20AD     20AD       57     415A       0
                text56                             29CB     29CB        C     5396       0
                text55                             2DF4     2DF4       34     5BE8       0
                text54                             2D0A     2D0A       2C     5A14       0
                text53                             1861     1861       C4     30C2       0
                text52                             2000     2000       18     3A90       0
                text51                             2D36     2D36       2C     5A6C       0
                text50                             1C0A     1C0A      13E     3814       0
                text49                             2B6E     2B6E       1B     56DC       0
                text48                              800      800       13     1000       0
                text47                             2C24     2C24       24     5848       0
                text46                             2A38     2A38       11     5470       0
                text45                             1802     1802       5F     3004       0
                text44                             1D48     1D48      2B8     3A90       0
                text43                             2CBB     2CBB       27     5976       0
                text42                             21BA     21BA       5E     4374       0
                text41                             2A18     2A18       10     5430       0
                text40                             2359     2359       6E     46B2       0
                text39                             2E93     2E93       38     5D26       0
                text38                             2E28     2E28       35     5C50       0
                text37                             2B89     2B89       1B     5712       0
                text36                             25D1     25D1       AF     4BA2       0
                text35                             2C01     2C01       23     5802       0
                text34                             1925     1925       C8     324A       0
                text33                             23C7     23C7       73     478E       0
                text32                             24B0     24B0       79     4960       0
                text31                             298D     298D        8     531A       0
                text30                             2995     2995        8     532A       0
                text29                             273F     273F       C1     4E7E       0
                text28                              813      813      273     1026       0
                text27                             11D2     11D2      2E5     23A4       0
                text26                             2104     2104       5B     4208       0
                text25                              74C      74C       B1        8       0
                text24                             2218     2218       6A     4430       0
                text23                             29AE     29AE        9     535C       0
                text22                             215F     215F       5B     42BE       0
                text21                             2AA7     2AA7       14     554E       0
                text20                             2BE1     2BE1       20     57C2       0
                text19                             299D     299D        8     533A       0
                text18                             297A     297A        5     52F4       0
                text17                              5E9      5E9      163        8       0
                text16                             205F     205F       4E     40BE       0
                text15                             296B     296B        3     52D6       0
                text14                             297F     297F        7     52FE       0
                text13                             2A5B     2A5B       12     54B6       0
                text12                             29C0     29C0        B     5380       0
                text11                             29D7     29D7        C     53AE       0
                text10                             2A28     2A28       10     5450       0
                text9                              2AE5     2AE5       15     55CA       0
                text8                              29B7     29B7        9     536E       0
                text7                              2FBE     2FBE       42     5F7C       0
                text6                              2986     2986        7     530C       0
                text5                               7FD      7FD        3        8       0
                text4                              2B3B     2B3B       19     5676       0
                text3                              2972     2972        4     52E4       0
                text2                              2AFA     2AFA       15     55F4       0
                text1                              29FC     29FC        D     53F8       0
                maintext                           2A09     2A09        F     5412       0
                cstackBANK0                          20       20       50       20       1
                cstackCOMMON                         70       70        E       70       1
                cstackBANK1                          A0       A0       50       A0       1
                cstackBANK2                         120      120       4E      120       1
                cstackBANK3                         1E9      1E9        4      1A0       1
                clrtext                            29E3     29E3        C     53C6       0
                bssBANK7                            3A0      3A0       50      3A0       1
                bssBANK6                            320      320       32      320       1
                bssBANK5                            2A0      2A0       49      2A0       1
                bssBANK4                            220      220       4C      220       1
                dataBANK3                           1E5      1E5        4      1A0       1
                bssBANK3                            1A0      1A0       45      1A0       1
                bssBANK2                            16E      16E        2      120       1
                stringtext9                        3075     3075        2     6000       0
                stringtext8                        305F     305F        A     6000       0
                stringtext7                        3049     3049        C     6000       0
                stringtext6                        301D     301D       1A     6000       0
                stringtext5                        3000     3000       1D     6000       0
                nvBANK4                             26C      26C        2      220       1
                nvBANK3                             1ED      1ED        2      1A0       1
                stringtext4                        306F     306F        6     6000       0
                stringtext3                        3069     3069        6     6000       0
                stringtext2                        3055     3055        A     6000       0
                stringtext1                        3037     3037       12     6000       0
                idataBANK3                         2976     2976        4     52EC       0

TOTAL           Name                               Link     Load   Length     Space
        CLASS   STACK          

        CLASS   CODE           
                end_init                             12       12        2         0
                cinit                                14       14       59         0
                intentry                              4        4        E         0
                reset_vec                             0        0        2         0
                text67_split_1                       6D       6D      57C         0
                text97                                3        3        1         0
                text96                             2B54     2B54       1A         0
                text94                             2B0F     2B0F       16         0
                text93                             2D90     2D90       31         0
                text92                             1001     1001       83         0
                text91                             29A5     29A5        9         0
                text90                             2F3F     2F3F       3F         0
                text89                             2DC1     2DC1       33         0
                text88                             2D62     2D62       2E         0
                text87                             2C48     2C48       26         0
                text86                             2F7E     2F7E       40         0
                text85                             2A6D     2A6D       13         0
                text84                             2BC1     2BC1       20         0
                text83                             2A80     2A80       13         0
                text82                             2B25     2B25       16         0
                text81                             2529     2529       A8         0
                text80                             2018     2018       47         0
                text79                             2E5D     2E5D       36         0
                text78                             2CE2     2CE2       28         0
                text77                             19ED     19ED      100         0
                text76                             1AED     1AED      11D         0
                text75                             2ABB     2ABB       15         0
                text74                             2BA4     2BA4       1D         0
                text73                             2A49     2A49       12         0
                text72                             1084     1084      14E         0
                text71                             14B7     14B7      349         0
                text70                             2680     2680       BF         0
                text69                             29EF     29EF        D         0
                text68                             296E     296E        4         0
                text67                              A86      A86      57A         0
                text66                             2C6E     2C6E       26         0
                text65                             2A93     2A93       14         0
                text64                             243A     243A       76         0
                text63                             2ECB     2ECB       39         0
                text62                             2F04     2F04       3B         0
                text61                             22ED     22ED       6C         0
                text60                             2AD0     2AD0       15         0
                text59                             2C94     2C94       27         0
                text58                             2282     2282       6B         0
                text57                             20AD     20AD       57         0
                text56                             29CB     29CB        C         0
                text55                             2DF4     2DF4       34         0
                text54                             2D0A     2D0A       2C         0
                text53                             1861     1861       C4         0
                text52                             2000     2000       18         0
                text51                             2D36     2D36       2C         0
                text50                             1C0A     1C0A      13E         0
                text49                             2B6E     2B6E       1B         0
                text48                              800      800       13         0
                text47                             2C24     2C24       24         0
                text46                             2A38     2A38       11         0
                text45                             1802     1802       5F         0
                text44                             1D48     1D48      2B8         0
                text43                             2CBB     2CBB       27         0
                text42                             21BA     21BA       5E         0
                text41                             2A18     2A18       10         0
                text40                             2359     2359       6E         0
                text39                             2E93     2E93       38         0
                text38                             2E28     2E28       35         0
                text37                             2B89     2B89       1B         0
                text36                             25D1     25D1       AF         0
                text35                             2C01     2C01       23         0
                text34                             1925     1925       C8         0
                text33                             23C7     23C7       73         0
                text32                             24B0     24B0       79         0
                text31                             298D     298D        8         0
                text30                             2995     2995        8         0
                text29                             273F     273F       C1         0
                text28                              813      813      273         0
                text27                             11D2     11D2      2E5         0
                text26                             2104     2104       5B         0
                text25                              74C      74C       B1         0
                text24                             2218     2218       6A         0
                text23                             29AE     29AE        9         0
                text22                             215F     215F       5B         0
                text21                             2AA7     2AA7       14         0
                text20                             2BE1     2BE1       20         0
                text19                             299D     299D        8         0
                text18                             297A     297A        5         0
                text17                              5E9      5E9      163         0
                text16                             205F     205F       4E         0
                text15                             296B     296B        3         0
                text14                             297F     297F        7         0
                text13                             2A5B     2A5B       12         0
                text12                             29C0     29C0        B         0
                text11                             29D7     29D7        C         0
                text10                             2A28     2A28       10         0
                text9                              2AE5     2AE5       15         0
                text8                              29B7     29B7        9         0
                text7                              2FBE     2FBE       42         0
                text6                              2986     2986        7         0
                text5                               7FD      7FD        3         0
                text4                              2B3B     2B3B       19         0
                text3                              2972     2972        4         0
                text2                              2AFA     2AFA       15         0
                text1                              29FC     29FC        D         0
                maintext                           2A09     2A09        F         0
                clrtext                            29E3     29E3        C         0
                idataBANK3                         2976     2976        4         0

        CLASS   STRCODE        
                stringtext9                        3075     3075        2         0
                stringtext8                        305F     305F        A         0
                stringtext7                        3049     3049        C         0
                stringtext6                        301D     301D       1A         0
                stringtext5                        3000     3000       1D         0
                stringtext4                        306F     306F        6         0
                stringtext3                        3069     3069        6         0
                stringtext2                        3055     3055        A         0
                stringtext1                        3037     3037       12         0

        CLASS   STRING         

        CLASS   CONST          

        CLASS   ENTRY          

        CLASS   COMMON         
                cstackCOMMON                         70       70        E         1

        CLASS   BANK0          
                cstackBANK0                          20       20       50         1

        CLASS   BANK1          
                cstackBANK1                          A0       A0       50         1

        CLASS   BANK2          
                cstackBANK2                         120      120       4E         1
                bssBANK2                            16E      16E        2         1

        CLASS   BANK3          
                cstackBANK3                         1E9      1E9        4         1
                dataBANK3                           1E5      1E5        4         1
                bssBANK3                            1A0      1A0       45         1
                nvBANK3                             1ED      1ED        2         1

        CLASS   BANK4          
                bssBANK4                            220      220       4C         1
                nvBANK4                             26C      26C        2         1

        CLASS   BANK5          
                bssBANK5                            2A0      2A0       49         1

        CLASS   BANK6          
                bssBANK6                            320      320       32         1

        CLASS   BANK7          
                bssBANK7                            3A0      3A0       50         1

        CLASS   BANK8          

        CLASS   BANK9          

        CLASS   BANK10         

        CLASS   BANK11         

        CLASS   BANK12         

        CLASS   BANK13         

        CLASS   BANK14         

        CLASS   BANK15         

        CLASS   BANK16         

        CLASS   BANK17         

        CLASS   BANK18         

        CLASS   BANK19         

        CLASS   BANK20         

        CLASS   BANK21         

        CLASS   BANK22         

        CLASS   BANK23         

        CLASS   BANK24         

        CLASS   BANK25         

        CLASS   BIGRAM         

        CLASS   RAM            

        CLASS   ABS1           
                abs_s1                               7E       7E        2         1
                abs_s1                              C28      C28       48         1
                abs_s1                              CA0      CA0       20         1
                abs_s1                             2788     2788        0         1

        CLASS   SFR0           

        CLASS   SFR1           

        CLASS   SFR2           

        CLASS   SFR3           

        CLASS   SFR4           

        CLASS   SFR5           

        CLASS   SFR6           

        CLASS   SFR7           

        CLASS   SFR8           

        CLASS   SFR9           

        CLASS   SFR10          

        CLASS   SFR11          

        CLASS   SFR12          

        CLASS   SFR13          

        CLASS   SFR14          

        CLASS   SFR15          

        CLASS   SFR16          

        CLASS   SFR17          

        CLASS   SFR18          

        CLASS   SFR19          

        CLASS   SFR20          

        CLASS   SFR21          

        CLASS   SFR22          

        CLASS   SFR23          

        CLASS   SFR24          

        CLASS   SFR25          

        CLASS   SFR26          

        CLASS   SFR27          

        CLASS   SFR28          

        CLASS   SFR29          

        CLASS   SFR30          

        CLASS   SFR31          

        CLASS   CONFIG         
                config                             8007     8007        4         4

        CLASS   IDLOC          

        CLASS   EEDATA         

        CLASS   BANK31         

        CLASS   BANK30         

        CLASS   BANK29         

        CLASS   BANK28         

        CLASS   BANK27         

        CLASS   BANK26         



SEGMENTS        Name                           Load    Length   Top    Selector   Space  Class     Delta

                reset_vec                      000000  000002  000002         0       0  CODE        2
                text97                         000003  000001  000004         6       0  CODE        2
                intentry                       000004  0007FC  000800         8       0  CODE        2
                cstackBANK0                    000020  000050  000070        20       1  BANK0       1
                cstackCOMMON                   000070  00000E  00007E        70       1  COMMON      1
                cstackBANK1                    0000A0  000050  0000F0        A0       1  BANK1       1
                cstackBANK2                    000120  000050  000170       120       1  BANK2       1
                bssBANK3                       0001A0  00004F  0001EF       1A0       1  BANK3       1
                bssBANK4                       000220  00004E  00026E       220       1  BANK4       1
                bssBANK5                       0002A0  000049  0002E9       2A0       1  BANK5       1
                bssBANK6                       000320  000032  000352       320       1  BANK6       1
                bssBANK7                       0003A0  000050  0003F0       3A0       1  BANK7       1
                text48                         000800  000013  000813      1000       0  CODE        2
                text28                         000813  000273  000A86      1026       0  CODE        2
                text67                         000A86  00057A  001000      150C       0  CODE        2
                text92                         001001  000083  001084      2002       0  CODE        2
                text72                         001084  00014E  0011D2      2108       0  CODE        2
                text27                         0011D2  0002E5  0014B7      23A4       0  CODE        2
                text71                         0014B7  000349  001800      296E       0  CODE        2
                text45                         001802  00005F  001861      3004       0  CODE        2
                text53                         001861  0000C4  001925      30C2       0  CODE        2
                text34                         001925  0000C8  0019ED      324A       0  CODE        2
                text77                         0019ED  000100  001AED      33DA       0  CODE        2
                text76                         001AED  00011D  001C0A      35DA       0  CODE        2
                text50                         001C0A  00013E  001D48      3814       0  CODE        2
                text44                         001D48  0002D0  002018      3A90       0  CODE        2
                text80                         002018  000047  00205F      4030       0  CODE        2
                text16                         00205F  00004E  0020AD      40BE       0  CODE        2
                text57                         0020AD  000057  002104      415A       0  CODE        2
                text26                         002104  00005B  00215F      4208       0  CODE        2
                text22                         00215F  00005B  0021BA      42BE       0  CODE        2
                text42                         0021BA  00005E  002218      4374       0  CODE        2
                text24                         002218  00006A  002282      4430       0  CODE        2
                text58                         002282  00006B  0022ED      4504       0  CODE        2
                text61                         0022ED  00006C  002359      45DA       0  CODE        2
                text40                         002359  00006E  0023C7      46B2       0  CODE        2
                text33                         0023C7  000073  00243A      478E       0  CODE        2
                text64                         00243A  000076  0024B0      4874       0  CODE        2
                text32                         0024B0  000079  002529      4960       0  CODE        2
                text81                         002529  0000A8  0025D1      4A52       0  CODE        2
                text36                         0025D1  0000AF  002680      4BA2       0  CODE        2
                text70                         002680  0000BF  00273F      4D00       0  CODE        2
                text29                         00273F  0000C1  002800      4E7E       0  CODE        2
                text15                         00296B  000003  00296E      52D6       0  CODE        2
                text68                         00296E  000004  002972      52DC       0  CODE        2
                text3                          002972  000004  002976      52E4       0  CODE        2
                idataBANK3                     002976  000004  00297A      52EC       0  CODE        2
                text18                         00297A  000005  00297F      52F4       0  CODE        2
                text14                         00297F  000007  002986      52FE       0  CODE        2
                text6                          002986  000007  00298D      530C       0  CODE        2
                text31                         00298D  000008  002995      531A       0  CODE        2
                text30                         002995  000008  00299D      532A       0  CODE        2
                text19                         00299D  000008  0029A5      533A       0  CODE        2
                text91                         0029A5  000009  0029AE      534A       0  CODE        2
                text23                         0029AE  000009  0029B7      535C       0  CODE        2
                text8                          0029B7  000009  0029C0      536E       0  CODE        2
                text12                         0029C0  00000B  0029CB      5380       0  CODE        2
                text56                         0029CB  00000C  0029D7      5396       0  CODE        2
                text11                         0029D7  00000C  0029E3      53AE       0  CODE        2
                clrtext                        0029E3  00000C  0029EF      53C6       0  CODE        2
                text69                         0029EF  00000D  0029FC      53DE       0  CODE        2
                text1                          0029FC  00000D  002A09      53F8       0  CODE        2
                maintext                       002A09  00000F  002A18      5412       0  CODE        2
                text41                         002A18  000010  002A28      5430       0  CODE        2
                text10                         002A28  000010  002A38      5450       0  CODE        2
                text46                         002A38  000011  002A49      5470       0  CODE        2
                text73                         002A49  000012  002A5B      5492       0  CODE        2
                text13                         002A5B  000012  002A6D      54B6       0  CODE        2
                text85                         002A6D  000013  002A80      54DA       0  CODE        2
                text83                         002A80  000013  002A93      5500       0  CODE        2
                text65                         002A93  000014  002AA7      5526       0  CODE        2
                text21                         002AA7  000014  002ABB      554E       0  CODE        2
                text75                         002ABB  000015  002AD0      5576       0  CODE        2
                text60                         002AD0  000015  002AE5      55A0       0  CODE        2
                text9                          002AE5  000015  002AFA      55CA       0  CODE        2
                text2                          002AFA  000015  002B0F      55F4       0  CODE        2
                text94                         002B0F  000016  002B25      561E       0  CODE        2
                text82                         002B25  000016  002B3B      564A       0  CODE        2
                text4                          002B3B  000019  002B54      5676       0  CODE        2
                text96                         002B54  00001A  002B6E      56A8       0  CODE        2
                text49                         002B6E  00001B  002B89      56DC       0  CODE        2
                text37                         002B89  00001B  002BA4      5712       0  CODE        2
                text74                         002BA4  00001D  002BC1      5748       0  CODE        2
                text84                         002BC1  000020  002BE1      5782       0  CODE        2
                text20                         002BE1  000020  002C01      57C2       0  CODE        2
                text35                         002C01  000023  002C24      5802       0  CODE        2
                text47                         002C24  000024  002C48      5848       0  CODE        2
                text87                         002C48  000026  002C6E      5890       0  CODE        2
                text66                         002C6E  000026  002C94      58DC       0  CODE        2
                text59                         002C94  000027  002CBB      5928       0  CODE        2
                text43                         002CBB  000027  002CE2      5976       0  CODE        2
                text78                         002CE2  000028  002D0A      59C4       0  CODE        2
                text54                         002D0A  00002C  002D36      5A14       0  CODE        2
                text51                         002D36  00002C  002D62      5A6C       0  CODE        2
                text88                         002D62  00002E  002D90      5AC4       0  CODE        2
                text93                         002D90  000031  002DC1      5B20       0  CODE        2
                text89                         002DC1  000033  002DF4      5B82       0  CODE        2
                text55                         002DF4  000034  002E28      5BE8       0  CODE        2
                text38                         002E28  000035  002E5D      5C50       0  CODE        2
                text79                         002E5D  000036  002E93      5CBA       0  CODE        2
                text39                         002E93  000038  002ECB      5D26       0  CODE        2
                text63                         002ECB  000039  002F04      5D96       0  CODE        2
                text62                         002F04  00003B  002F3F      5E08       0  CODE        2
                text90                         002F3F  00003F  002F7E      5E7E       0  CODE        2
                text86                         002F7E  000040  002FBE      5EFC       0  CODE        2
                text7                          002FBE  000042  003000      5F7C       0  CODE        2
                stringtext5                    003000  000077  003077      6000       0  STRCODE     2


UNUSED ADDRESS RANGES

        Name                Unused          Largest block    Delta
        BANK10           000520-00056F               50           1
        BANK11           0005A0-0005EF               50           1
        BANK12           000620-00066F               50           1
        BANK13           0006A0-0006EF               50           1
        BANK14           000720-00076F               50           1
        BANK15           0007A0-0007EF               50           1
        BANK16           000820-00086F               50           1
        BANK17           0008A0-0008EF               50           1
        BANK18           000920-00096F               50           1
        BANK19           0009A0-0009EF               50           1
        BANK20           000A20-000A6F               50           1
        BANK21           000AA0-000AEF               50           1
        BANK22           000B20-000B6F               50           1
        BANK23           000BA0-000BEF               50           1
        BANK24           000C20-000C27                8           1
        BANK3            0001EF-0001EF                1           1
        BANK4            00026E-00026F                2           1
        BANK5            0002E9-0002EF                7           1
        BANK6            000352-00036F               1E           1
        BANK8            000420-00046F               50           1
        BANK9            0004A0-0004EF               50           1
        BIGRAM           002000-0027EF              7F0           1
        CODE             000002-000002                1           2
                         001000-001000                1
                         001800-001801                2
                         002800-00296A              16B
                         003077-003FFF              789
        CONST            000002-000002                1           2
                         001000-001000                1
                         001800-001801                2
                         002800-00296A              100
                         003077-003FFF              100
        EEDATA           00F000-00F0FF              100           2
        ENTRY            000002-000002                1           2
                         001000-001000                1
                         001800-001801                2
                         002800-00296A              100
                         003077-003FFF              100
        IDLOC            008000-008003                4           2
        RAM              0001EF-0001EF                1           1
                         00026E-00026F                2
                         0002E9-0002EF                7
                         000352-00036F               1E
                         000420-00046F               50
                         0004A0-0004EF               50
                         000520-00056F               50
                         0005A0-0005EF               50
                         000620-00066F               50
                         0006A0-0006EF               50
                         000720-00076F               50
                         0007A0-0007EF               50
                         000820-00086F               50
                         0008A0-0008EF               50
                         000920-00096F               50
                         0009A0-0009EF               50
                         000A20-000A6F               50
                         000AA0-000AEF               50
                         000B20-000B6F               50
                         000BA0-000BEF               50
                         000C20-000C27                8
        SFR0             000000-00001F               20           1
        SFR1             000080-00009F               20           1
        SFR10            000500-00051F               20           1
        SFR11            000580-00059F               20           1
        SFR12            000600-00061F               20           1
        SFR13            000680-00069F               20           1
        SFR14            000700-00071F               20           1
        SFR15            000780-00079F               20           1
        SFR16            000800-00081F               20           1
        SFR17            000880-00089F               20           1
        SFR18            000900-00091F               20           1
        SFR19            000980-00099F               20           1
        SFR2             000100-00011F               20           1
        SFR20            000A00-000A1F               20           1
        SFR21            000A80-000A9F               20           1
        SFR22            000B00-000B1F               20           1
        SFR23            000B80-000B9F               20           1
        SFR24            000C00-000C1F               20           1
        SFR25            000C80-000C9F               20           1
        SFR26            000D00-000D6F               70           1
        SFR27            000D80-000DEF               70           1
        SFR28            000E00-000E6F               70           1
        SFR29            000E80-000EEF               70           1
        SFR3             000180-00019F               20           1
        SFR30            000F00-000F6F               70           1
        SFR31            000F80-000FEF               70           1
        SFR4             000200-00021F               20           1
        SFR5             000280-00029F               20           1
        SFR6             000300-00031F               20           1
        SFR7             000380-00039F               20           1
        SFR8             000400-00041F               20           1
        SFR9             000480-00049F               20           1
        STACK            002280-002787              508           1
        STRCODE          000002-000002                1           2
                         001000-001000                1
                         001800-001801                2
                         002800-00296A              16B
                         003077-003FFF              F89
        STRING           000002-000002                1           2
                         001000-001000                1
                         001800-001801                2
                         002800-00296A              100
                         003077-003FFF              100

                                  Symbol Table

?_ADC_GetConversion                       cstackCOMMON 000070
?_ARPV4_Lookup                            cstackCOMMON 000070
?_ENC28_PhyRead                           cstackCOMMON 00007A
?_ENC28_Rcr16                             cstackCOMMON 000074
?_ETH_ComputeChecksum                     cstackCOMMON 000073
?_ETH_GetReadPtr                          cstackCOMMON 00007A
?_ETH_Read16                              cstackCOMMON 000071
?_ETH_ReadBlock                           cstackCOMMON 000071
?_ETH_RxComputeChecksum                   cstackBANK0  000028
?_ETH_TxComputeChecksum                   cstackBANK0  000020
?_IPV4_PseudoHeaderChecksum               cstackCOMMON 000070
?_MAC_getAddress                          cstackCOMMON 000070
?_TCP_GetReceivedData                     cstackCOMMON 000075
?___lwdiv                                 cstackCOMMON 000070
?___lwmod                                 cstackCOMMON 000078
?___wmul                                  cstackCOMMON 000070
?_sprintf                                 cstackBANK0  000020
?_strlen                                  cstackCOMMON 000070
?_time                                    cstackCOMMON 000070
ADC_GetConversion@channel                 cstackCOMMON 000073
ARPV4_Init@x                              cstackCOMMON 00007A
ARPV4_Lookup@entry_pointer                cstackCOMMON 000078
ARPV4_Lookup@ip_address                   cstackCOMMON 000070
ARPV4_Lookup@x                            cstackCOMMON 00007A
ARPV4_Packet@arpPtr                       cstackBANK0  000042
ARPV4_Packet@entryPointer                 cstackBANK0  000046
ARPV4_Packet@header                       cstackBANK0  000048
ARPV4_Packet@length                       cstackBANK0  00003E
ARPV4_Packet@mergeFlag                    cstackBANK0  000040
ARPV4_Packet@ret                          cstackBANK0  000041
ARPV4_Packet@x                            cstackBANK0  000044
ARPV4_Packet@x_219                        cstackBANK0  000045
ARPV4_Request@destAddress                 cstackBANK0  000026
ARPV4_Request@header                      cstackBANK0  00003D
ARPV4_Request@ret                         cstackBANK0  00003C
ARPV4_Update@entryPointer                 cstackCOMMON 000071
ARPV4_Update@x                            cstackCOMMON 000073
DEMO_TCP_Client@port60TCB                 bssBANK5     0002A0
DEMO_TCP_Client@pot                       cstackBANK2  000128
DEMO_TCP_Client@rx_len                    cstackBANK2  00012B
DEMO_TCP_Client@rxdataPort60              bssBANK6     000320
DEMO_TCP_Client@socketState               cstackBANK2  00012A
DEMO_TCP_Client@socketTimeout             bssBANK4     00024A
DEMO_TCP_Client@t_client                  bssBANK3     0001E1
DEMO_TCP_Client@txdataPort60              bssBANK7     0003A0
ENC28_BankSel@a                           cstackCOMMON 000073
ENC28_BankSel@r                           cstackCOMMON 000072
ENC28_Bfc@a                               cstackCOMMON 000075
ENC28_Bfc@bits                            cstackCOMMON 000074
ENC28_Bfs@a                               cstackCOMMON 000075
ENC28_Bfs@bits                            cstackCOMMON 000074
ENC28_PhyRead@a                           cstackCOMMON 00007D
ENC28_PhyWrite@a                          cstackBANK0  000023
ENC28_PhyWrite@d                          cstackBANK0  000020
ENC28_PhyWrite@v                          cstackBANK0  000024
ENC28_Rcr16@a                             cstackCOMMON 000079
ENC28_Rcr16@v                             cstackCOMMON 000077
ENC28_Rcr8@a                              cstackCOMMON 000076
ENC28_Rcr8@v                              cstackCOMMON 000075
ENC28_Wcr16@a                             cstackCOMMON 00007D
ENC28_Wcr16@v                             cstackCOMMON 00007A
ENC28_Wcr8@a                              cstackCOMMON 000075
ENC28_Wcr8@v                              cstackCOMMON 000074
ETH_CheckLinkUp@phstat2                   cstackBANK0  000020
ETH_ComputeChecksum@cksm                  cstackCOMMON 000079
ETH_ComputeChecksum@len                   cstackCOMMON 000073
ETH_ComputeChecksum@seed                  cstackCOMMON 000075
ETH_ComputeChecksum@v                     cstackCOMMON 000077
ETH_Copy@len                              cstackBANK0  000020
ETH_Copy@temp_len                         cstackBANK0  000027
ETH_Copy@timer                            cstackBANK0  000025
ETH_Copy@tx_buffer_address                cstackBANK0  000023
ETH_Dump@length                           cstackBANK0  000020
ETH_Dump@newRXTail                        cstackBANK0  000022
ETH_EventHandler@eir_val                  cstackBANK0  000026
ETH_EventHandler@phstat2_val              cstackBANK0  000023
ETH_GetMAC@macAddr                        cstackCOMMON 000078
ETH_Insert@current_tx_pointer             cstackBANK0  000025
ETH_Insert@data                           cstackBANK0  000027
ETH_Insert@len                            cstackBANK0  000020
ETH_Insert@offset                         cstackBANK0  000022
ETH_Read16@b                              cstackCOMMON 000076
ETH_Read8@b                               cstackCOMMON 000072
ETH_ReadBlock@buffer                      cstackCOMMON 000071
ETH_ReadBlock@length                      cstackCOMMON 000073
ETH_ReadBlock@p                           cstackCOMMON 000076
ETH_ReadBlock@readCount                   cstackCOMMON 000078
ETH_RxComputeChecksum@cksm                cstackBANK0  000033
ETH_RxComputeChecksum@len                 cstackBANK0  000028
ETH_RxComputeChecksum@rxptr               cstackBANK0  000031
ETH_RxComputeChecksum@seed                cstackBANK0  00002A
ETH_TxComputeChecksum@cksm                cstackBANK0  00002F
ETH_TxComputeChecksum@length              cstackBANK0  000022
ETH_TxComputeChecksum@position            cstackBANK0  000020
ETH_TxComputeChecksum@seed                cstackBANK0  000024
ETH_Write16@data                          cstackCOMMON 000071
ETH_Write32@data                          cstackCOMMON 000071
ETH_Write8@data                           cstackCOMMON 000071
ETH_WriteBlock@data                       cstackCOMMON 000071
ETH_WriteBlock@length                     cstackCOMMON 000073
ETH_WriteBlock@p                          cstackCOMMON 000075
ETH_WriteStart@dest_mac                   cstackBANK0  000020
ETH_WriteStart@type                       cstackBANK0  000022
ICMP_EchoReply@cksm                       cstackBANK1  0000AA
ICMP_EchoReply@icmp_cksm_start            cstackBANK1  0000A8
ICMP_EchoReply@identifier                 cstackBANK1  0000A4
ICMP_EchoReply@ipv4Hdr                    cstackBANK1  0000AF
ICMP_EchoReply@ipv4PayloadLength          cstackBANK1  0000AC
ICMP_EchoReply@ret                        cstackBANK1  0000AE
ICMP_EchoReply@sequence                   cstackBANK1  0000A6
ICMP_Receive@icmpHdr                      cstackBANK1  0000B6
ICMP_Receive@ipv4Hdr                      cstackBANK1  0000BA
IPV4_Packet@addrTemp                      cstackBANK2  000155
IPV4_Packet@cksm                          cstackBANK2  000153
IPV4_Packet@hdrLen                        cstackBANK2  000150
IPV4_Packet@length                        cstackBANK2  000151
IPV4_PseudoHeaderChecksum@cksm            cstackBANK0  000022
IPV4_PseudoHeaderChecksum@len             cstackBANK0  000021
IPV4_PseudoHeaderChecksum@payloadLen      cstackCOMMON 000070
IPV4_PseudoHeaderChecksum@tmp             cstackBANK0  000026
IPV4_PseudoHeaderChecksum@v               cstackBANK0  000020
IPV4_Send@cksm                            cstackBANK0  000038
IPV4_Send@payloadLength                   cstackBANK0  000033
IPV4_Send@ret                             cstackBANK0  00003A
IPV4_Send@totalLength                     cstackBANK0  00003B
IPv4_Start@destAddress                    cstackBANK0  000059
IPv4_Start@macAddress                     cstackBANK0  00006A
IPv4_Start@protocol                       cstackBANK0  00005D
IPv4_Start@ret                            cstackBANK0  00006C
IPv4_Start@targetAddress                  cstackBANK0  000066
Network_Manage@now                        cstackBANK3  0001E9
Network_Manage@nowPv                      bssBANK4     000256
Network_Read@header                       cstackBANK2  000160
PIN_MANAGER_Initialize@state              cstackCOMMON 000070
SPI1_Exchange8bit@data                    cstackCOMMON 000070
TCB_Check@count                           cstackCOMMON 000072
TCB_Check@ptr                             cstackCOMMON 000074
TCB_Check@ret                             cstackCOMMON 000071
TCB_Check@tcbPtr                          cstackCOMMON 000073
TCB_Insert@ptr                            cstackCOMMON 000071
TCB_Remove@ptr                            cstackCOMMON 000071
TCB_Reset@tcbPtr                          cstackCOMMON 000071
TCP_Close@tcbPtr                          cstackBANK1  0000EF
TCP_Connect@srvaddr                       cstackBANK1  0000EE
TCP_Connect@tcbPtr                        cstackBANK2  000125
TCP_FiniteStateMachine@event              cstackBANK1  0000EC
TCP_FiniteStateMachine@nextState          cstackBANK1  0000ED
TCP_FiniteStateMachine@notAckBytes        cstackBANK1  0000EA
TCP_FiniteStateMachine@ret                cstackBANK1  0000E9
TCP_GetReceivedData@ret                   cstackCOMMON 000078
TCP_GetReceivedData@tcbPtr                cstackCOMMON 00007A
TCP_InsertRxBuffer@data                   cstackCOMMON 000075
TCP_InsertRxBuffer@data_len               cstackCOMMON 000076
TCP_InsertRxBuffer@tcbPtr                 cstackCOMMON 00007A
TCP_ParseTCPOptions@opt                   cstackBANK0  000027
TCP_ParseTCPOptions@ret                   cstackBANK0  000026
TCP_ParseTCPOptions@tcpOptionsSize        cstackBANK0  000028
TCP_PayloadSave@buffer_size               cstackBANK1  0000DE
TCP_PayloadSave@len                       cstackBANK0  00006D
TCP_Recv@count                            cstackBANK1  0000EE
TCP_Recv@length                           cstackBANK2  000124
TCP_Recv@remoteAddress                    cstackBANK2  000120
TCP_Recv@tcbPtr                           cstackBANK1  0000EF
TCP_Send@data                             cstackBANK1  0000D5
TCP_Send@dataLen                          cstackBANK1  0000D6
TCP_Send@tcbPtr                           cstackBANK0  00006F
TCP_SendDone@ret                          cstackCOMMON 000075
TCP_SendDone@tcbPtr                       cstackCOMMON 000076
TCP_Snd@cksm                              cstackBANK1  0000B9
TCP_Snd@data                              cstackBANK1  0000B8
TCP_Snd@payloadLength                     cstackBANK1  0000BB
TCP_Snd@ret                               cstackBANK1  0000BD
TCP_Snd@tcbPtr                            cstackBANK1  0000D4
TCP_Snd@tcpDataLength                     cstackBANK1  0000BE
TCP_Snd@txHeader                          cstackBANK1  0000C0
TCP_SocketInit@tcbPtr                     cstackCOMMON 000077
TCP_SocketPoll@socket_ptr                 cstackCOMMON 000077
TCP_SocketPoll@tmpSocketState             cstackCOMMON 000076
TCP_SocketRemove@tcbPtr                   cstackCOMMON 000079
TCP_Update@count                          cstackBANK2  000124
TCP_Update@tcbPtr                         cstackBANK2  000126
TMR1_ISR@CountCallBack                    bssBANK3     0001AC
TMR1_SetInterruptHandler@InterruptHandler cstackCOMMON 000072
_ADACT                                    (abs)        00009F
_ADCON0                                   (abs)        00009D
_ADCON0bits                               (abs)        00009D
_ADCON1                                   (abs)        00009E
_ADC_GetConversion                        text94       002B0F
_ADC_Initialize                           text23       0029AE
_ADRESH                                   (abs)        00009C
_ADRESL                                   (abs)        00009B
_ANSELA                                   (abs)        00018C
_ANSELB                                   (abs)        00018D
_ANSELC                                   (abs)        00018E
_ARPV4_Init                               text21       002AA7
_ARPV4_Lookup                             text79       002E5D
_ARPV4_Packet                             text44       001D48
_ARPV4_Request                            text76       001AED
_ARPV4_Update                             text49       002B6E
_DEMO_TCP_Client                          text50       001C0A
_ENC28_BankSel                            text89       002DC1
_ENC28_Bfc                                text83       002A80
_ENC28_Bfs                                text85       002A6D
_ENC28_PhyRead                            text47       002C24
_ENC28_PhyWrite                           text20       002BE1
_ENC28_Rcr16                              text88       002D62
_ENC28_Rcr8                               text82       002B25
_ENC28_Wcr16                              text87       002C48
_ENC28_Wcr8                               text48       000800
_ETH_CheckLinkUp                          text46       002A38
_ETH_ComputeChecksum                      text40       002359
_ETH_Copy                                 text36       0025D1
_ETH_Dump                                 text38       002E28
_ETH_EventHandler                         text45       001802
_ETH_Flush                                text43       002CBB
_ETH_GetMAC                               text22       00215F
_ETH_GetReadPtr                           text31       00298D
_ETH_Init                                 text17       0005E9
_ETH_Insert                               text86       002F7E
_ETH_NextPacketUpdate                     text42       0021BA
_ETH_Read16                               text35       002C01
_ETH_Read8                                text41       002A18
_ETH_ReadBlock                            text90       002F3F
_ETH_RxComputeChecksum                    text39       002E93
_ETH_Send                                 text84       002BC1
_ETH_SendSystemReset                      text19       00299D
_ETH_TxComputeChecksum                    text81       002529
_ETH_Write16                              text75       002ABB
_ETH_Write32                              text74       002BA4
_ETH_Write8                               text73       002A49
_ETH_WriteBlock                           text78       002CE2
_ETH_WriteStart                           text77       0019ED
_GIE                                      (abs)        00005F
_ICMP_EchoReply                           text34       001925
_ICMP_Receive                             text33       0023C7
_INTCONbits                               (abs)        00000B
_INTERRUPT_InterruptManager               intentry     000004
_IPV4_Init                                text15       00296B
_IPV4_Packet                              text27       0011D2
_IPV4_PseudoHeaderChecksum                text32       0024B0
_IPV4_SaveStartPosition                   text30       002995
_IPV4_Send                                text80       002018
_IPv4_Start                               text72       001084
_LATA                                     (abs)        00010C
_LATAbits                                 (abs)        00010C
_LATB                                     (abs)        00010D
_LATC                                     (abs)        00010E
_LATC6                                    (abs)        000876
_MAC_getAddress                           text18       00297A
_Network_Init                             text9        002AE5
_Network_Manage                           text24       002218
_Network_Read                             text26       002104
_Network_WaitForLink                      text14       00297F
_ODCONA                                   (abs)        00028C
_ODCONB                                   (abs)        00028D
_ODCONC                                   (abs)        00028E
_OSCCON1                                  (abs)        000919
_OSCCON3                                  (abs)        00091B
_OSCEN                                    (abs)        00091D
_OSCFRQ                                   (abs)        00091F
_OSCILLATOR_Initialize                    text8        0029B7
_OSCTUNE                                  (abs)        00091E
_PIE1bits                                 (abs)        000091
_PIN_MANAGER_Initialize                   text7        002FBE
_PIR1bits                                 (abs)        000011
_PORTAbits                                (abs)        00000C
_PPSLOCK                                  (abs)        000E0F
_PPSLOCKbits                              (abs)        000E0F
_RB6PPSbits                               (abs)        000E9E
_RC7PPSbits                               (abs)        000EA7
_SPI1_Exchange8bit                        text91       0029A5
_SPI1_Initialize                          text6        002986
_SSP1ADD                                  (abs)        000212
_SSP1BUF                                  (abs)        000211
_SSP1CLKPPSbits                           (abs)        000E20
_SSP1CON1                                 (abs)        000215
_SSP1CON1bits                             (abs)        000215
_SSP1DATPPSbits                           (abs)        000E21
_SSP1STAT                                 (abs)        000214
_SSP1STATbits                             (abs)        000214
_SYSTEM_Initialize                        text2        002AFA
_T1CON                                    (abs)        00001B
_T1CONbits                                (abs)        00001B
_T1GCON                                   (abs)        00001C
_TCB_Check                                text93       002D90
_TCB_Insert                               text59       002C94
_TCB_Remove                               text57       0020AD
_TCB_Reset                                text92       001001
_TCP_Client_Initialize                    text1        0029FC
_TCP_Close                                text66       002C6E
_TCP_Connect                              text64       00243A
_TCP_FiniteStateMachine                   text67       000A86
_TCP_GetReceivedData                      text63       002ECB
_TCP_Init                                 text13       002A5B
_TCP_InsertRxBuffer                       text62       002F04
_TCP_ParseTCPOptions                      text29       00273F
_TCP_PayloadSave                          text70       002680
_TCP_Recv                                 text28       000813
_TCP_Send                                 text61       0022ED
_TCP_SendDone                             text60       002AD0
_TCP_Snd                                  text71       0014B7
_TCP_SocketInit                           text58       002282
_TCP_SocketPoll                           text65       002A93
_TCP_SocketRemove                         text56       0029CB
_TCP_Update                               text25       00074C
_TMR1H                                    (abs)        00001A
_TMR1L                                    (abs)        000019
_TMR1_CallBack                            text97       000003
_TMR1_DefaultInterruptHandler             (abs)        000000
_TMR1_ISR                                 text96       002B54
_TMR1_Initialize                          text4        002B3B
_TMR1_InterruptHandler                    nvBANK4      00026C
_TMR1_SetInterruptHandler                 text12       0029C0
_TMR1_StartTimer                          text5        0007FD
_TRISA                                    (abs)        00008C
_TRISB                                    (abs)        00008D
_TRISC                                    (abs)        00008E
_TXPacketSize                             bssBANK3     0001A4
_WDTCON                                   (abs)        000097
_WDT_Initialize                           text3        002972
_WPUA                                     (abs)        00020C
_WPUB                                     (abs)        00020D
_WPUC                                     (abs)        00020E
__Habs1                                   abs1         000000
__Hbank0                                  bank0        000000
__Hbank1                                  bank1        000000
__Hbank10                                 bank10       000000
__Hbank11                                 bank11       000000
__Hbank12                                 bank12       000000
__Hbank13                                 bank13       000000
__Hbank14                                 bank14       000000
__Hbank15                                 bank15       000000
__Hbank16                                 bank16       000000
__Hbank17                                 bank17       000000
__Hbank18                                 bank18       000000
__Hbank19                                 bank19       000000
__Hbank2                                  bank2        000000
__Hbank20                                 bank20       000000
__Hbank21                                 bank21       000000
__Hbank22                                 bank22       000000
__Hbank23                                 bank23       000000
__Hbank24                                 bank24       000000
__Hbank25                                 bank25       000000
__Hbank26                                 bank26       000000
__Hbank27                                 bank27       000000
__Hbank28                                 bank28       000000
__Hbank29                                 bank29       000000
__Hbank3                                  bank3        000000
__Hbank30                                 bank30       000000
__Hbank31                                 bank31       000000
__Hbank4                                  bank4        000000
__Hbank5                                  bank5        000000
__Hbank6                                  bank6        000000
__Hbank7                                  bank7        000000
__Hbank8                                  bank8        000000
__Hbank9                                  bank9        000000
__Hbigram                                 bigram       000000
__HbssBANK2                               bssBANK2     000000
__HbssBANK3                               bssBANK3     000000
__HbssBANK4                               bssBANK4     000000
__HbssBANK5                               bssBANK5     000000
__HbssBANK6                               bssBANK6     000000
__HbssBANK7                               bssBANK7     000000
__Hcinit                                  cinit        00006D
__Hclrtext                                clrtext      000000
__Hcode                                   code         000000
__Hcommon                                 common       000000
__Hconfig                                 config       00800B
__HcstackBANK0                            cstackBANK0  000000
__HcstackBANK1                            cstackBANK1  000000
__HcstackBANK2                            cstackBANK2  000000
__HcstackBANK3                            cstackBANK3  000000
__HcstackCOMMON                           cstackCOMMON 000000
__HdataBANK3                              dataBANK3    000000
__Heeprom_data                            eeprom_data  000000
__Hend_init                               end_init     000014
__Hfunctab                                functab      000000
__HidataBANK3                             idataBANK3   000000
__Hinit                                   init         000012
__Hintentry                               intentry     000012
__Hmaintext                               maintext     000000
__HnvBANK3                                nvBANK3      000000
__HnvBANK4                                nvBANK4      000000
__Hpowerup                                powerup      000000
__Hram                                    ram          000000
__Hreset_vec                              reset_vec    000002
__Hsfr0                                   sfr0         000000
__Hsfr1                                   sfr1         000000
__Hsfr10                                  sfr10        000000
__Hsfr11                                  sfr11        000000
__Hsfr12                                  sfr12        000000
__Hsfr13                                  sfr13        000000
__Hsfr14                                  sfr14        000000
__Hsfr15                                  sfr15        000000
__Hsfr16                                  sfr16        000000
__Hsfr17                                  sfr17        000000
__Hsfr18                                  sfr18        000000
__Hsfr19                                  sfr19        000000
__Hsfr2                                   sfr2         000000
__Hsfr20                                  sfr20        000000
__Hsfr21                                  sfr21        000000
__Hsfr22                                  sfr22        000000
__Hsfr23                                  sfr23        000000
__Hsfr24                                  sfr24        000000
__Hsfr25                                  sfr25        000000
__Hsfr26                                  sfr26        000000
__Hsfr27                                  sfr27        000000
__Hsfr28                                  sfr28        000000
__Hsfr29                                  sfr29        000000
__Hsfr3                                   sfr3         000000
__Hsfr30                                  sfr30        000000
__Hsfr31                                  sfr31        000000
__Hsfr4                                   sfr4         000000
__Hsfr5                                   sfr5         000000
__Hsfr6                                   sfr6         000000
__Hsfr7                                   sfr7         000000
__Hsfr8                                   sfr8         000000
__Hsfr9                                   sfr9         000000
__Hspace_0                                (abs)        003077
__Hspace_1                                (abs)        0003F0
__Hspace_2                                (abs)        000000
__Hspace_3                                (abs)        000000
__Hspace_4                                (abs)        010012
__Hstack                                  stack        000000
__Hstrings                                strings      000000
__Hstringtext1                            stringtext1  000000
__Hstringtext10                           stringtext10 000000
__Hstringtext2                            stringtext2  000000
__Hstringtext3                            stringtext3  000000
__Hstringtext4                            stringtext4  000000
__Hstringtext5                            stringtext5  000000
__Hstringtext6                            stringtext6  000000
__Hstringtext7                            stringtext7  000000
__Hstringtext8                            stringtext8  000000
__Hstringtext9                            stringtext9  000000
__Htext                                   text         000000
__Labs1                                   abs1         000000
__Lbank0                                  bank0        000000
__Lbank1                                  bank1        000000
__Lbank10                                 bank10       000000
__Lbank11                                 bank11       000000
__Lbank12                                 bank12       000000
__Lbank13                                 bank13       000000
__Lbank14                                 bank14       000000
__Lbank15                                 bank15       000000
__Lbank16                                 bank16       000000
__Lbank17                                 bank17       000000
__Lbank18                                 bank18       000000
__Lbank19                                 bank19       000000
__Lbank2                                  bank2        000000
__Lbank20                                 bank20       000000
__Lbank21                                 bank21       000000
__Lbank22                                 bank22       000000
__Lbank23                                 bank23       000000
__Lbank24                                 bank24       000000
__Lbank25                                 bank25       000000
__Lbank26                                 bank26       000000
__Lbank27                                 bank27       000000
__Lbank28                                 bank28       000000
__Lbank29                                 bank29       000000
__Lbank3                                  bank3        000000
__Lbank30                                 bank30       000000
__Lbank31                                 bank31       000000
__Lbank4                                  bank4        000000
__Lbank5                                  bank5        000000
__Lbank6                                  bank6        000000
__Lbank7                                  bank7        000000
__Lbank8                                  bank8        000000
__Lbank9                                  bank9        000000
__Lbigram                                 bigram       000000
__LbssBANK2                               bssBANK2     000000
__LbssBANK3                               bssBANK3     000000
__LbssBANK4                               bssBANK4     000000
__LbssBANK5                               bssBANK5     000000
__LbssBANK6                               bssBANK6     000000
__LbssBANK7                               bssBANK7     000000
__Lcinit                                  cinit        000014
__Lclrtext                                clrtext      000000
__Lcode                                   code         000000
__Lcommon                                 common       000000
__Lconfig                                 config       000000
__LcstackBANK0                            cstackBANK0  000000
__LcstackBANK1                            cstackBANK1  000000
__LcstackBANK2                            cstackBANK2  000000
__LcstackBANK3                            cstackBANK3  000000
__LcstackCOMMON                           cstackCOMMON 000000
__LdataBANK3                              dataBANK3    000000
__Leeprom_data                            eeprom_data  000000
__Lend_init                               end_init     000012
__Lfunctab                                functab      000000
__LidataBANK3                             idataBANK3   000000
__Linit                                   init         000012
__Lintentry                               intentry     000004
__Lmaintext                               maintext     000000
__LnvBANK3                                nvBANK3      000000
__LnvBANK4                                nvBANK4      000000
__Lpowerup                                powerup      000000
__Lram                                    ram          000000
__Lreset_vec                              reset_vec    000000
__Lsfr0                                   sfr0         000000
__Lsfr1                                   sfr1         000000
__Lsfr10                                  sfr10        000000
__Lsfr11                                  sfr11        000000
__Lsfr12                                  sfr12        000000
__Lsfr13                                  sfr13        000000
__Lsfr14                                  sfr14        000000
__Lsfr15                                  sfr15        000000
__Lsfr16                                  sfr16        000000
__Lsfr17                                  sfr17        000000
__Lsfr18                                  sfr18        000000
__Lsfr19                                  sfr19        000000
__Lsfr2                                   sfr2         000000
__Lsfr20                                  sfr20        000000
__Lsfr21                                  sfr21        000000
__Lsfr22                                  sfr22        000000
__Lsfr23                                  sfr23        000000
__Lsfr24                                  sfr24        000000
__Lsfr25                                  sfr25        000000
__Lsfr26                                  sfr26        000000
__Lsfr27                                  sfr27        000000
__Lsfr28                                  sfr28        000000
__Lsfr29                                  sfr29        000000
__Lsfr3                                   sfr3         000000
__Lsfr30                                  sfr30        000000
__Lsfr31                                  sfr31        000000
__Lsfr4                                   sfr4         000000
__Lsfr5                                   sfr5         000000
__Lsfr6                                   sfr6         000000
__Lsfr7                                   sfr7         000000
__Lsfr8                                   sfr8         000000
__Lsfr9                                   sfr9         000000
__Lspace_0                                (abs)        000000
__Lspace_1                                (abs)        000000
__Lspace_2                                (abs)        000000
__Lspace_3                                (abs)        000000
__Lspace_4                                (abs)        000000
__Lstack                                  stack        000000
__Lstrings                                strings      000000
__Lstringtext1                            stringtext1  000000
__Lstringtext10                           stringtext10 000000
__Lstringtext2                            stringtext2  000000
__Lstringtext3                            stringtext3  000000
[...]
      Totals:         1       0       0       0       0       0       0       0       0       0       0       0       0       0       0       0       0       0       0       0       0       0       0       0       0       0       0
Total ram usage:        1 bytes
 Hardware stack levels used:    1
 Hardware stack levels required when called:    3
 This function calls:
		Nothing
 This function is called by:
		_ENC28_BankSel
		_ETH_NextPacketUpdate
		_ENC28_Rcr8
		_ENC28_Rcr16
		_ENC28_Wcr8
		_ENC28_Wcr16
		_ENC28_Bfs
		_ENC28_Bfc
		_ETH_SendSystemReset
		_ETH_Read8
		_ETH_Read16
		_ETH_ReadBlock
		_ETH_Write8
		_ETH_Write16
		_ETH_Write32
		_ETH_WriteBlock
		_ETH_WriteStart
		_ETH_Insert
 This function uses a non-reentrant model


 *************** function _TCB_Reset *****************
 Defined at:
		line 128 in file "mcc_generated_files/TCPIPLibrary/tcpv4.c"
 Parameters:    Size  Location     Type
  tcbPtr          1    wreg     PTR struct .
		 -> DEMO_TCP_Client@port60TCB(52), NULL(0), 
 Auto vars:     Size  Location     Type
  tcbPtr          1    1[COMMON] PTR struct .
		 -> DEMO_TCP_Client@port60TCB(52), NULL(0), 
 Return value:  Size  Location     Type
                  1    wreg      void 
 Registers used:
		wreg, fsr1l, fsr1h, status,2, status,0
 Tracked objects:
		On entry : 
		On exit  : 
		Unchanged: 
 Data sizes:     COMMON   BANK0   BANK1   BANK2   BANK3   BANK4   BANK5   BANK6   BANK7   BANK8   BANK9  BANK10  BANK11  BANK12  BANK13  BANK14  BANK15  BANK16  BANK17  BANK18  BANK19  BANK20  BANK21  BANK22  BANK23  BANK24  BANK25
      Params:         0       0       0       0       0       0       0       0       0       0       0       0       0       0       0       0       0       0       0       0       0       0       0       0       0       0       0
      Locals:         1       0       0       0       0       0       0       0       0       0       0       0       0       0       0       0       0       0       0       0       0       0       0       0       0       0       0
      Temps:          1       0       0       0       0       0       0       0       0       0       0       0       0       0       0       0       0       0       0       0       0       0       0       0       0       0       0
      Totals:         2       0       0       0       0       0       0       0       0       0       0       0       0       0       0       0       0       0       0       0       0       0       0       0       0       0       0
Total ram usage:        2 bytes
 Hardware stack levels used:    1
 Hardware stack levels required when called:    3
 This function calls:
		Nothing
 This function is called by:
		_TCP_FiniteStateMachine
		_TCP_SocketInit
 This function uses a non-reentrant model


 *************** function _TCB_Check *****************
 Defined at:
		line 158 in file "mcc_generated_files/TCPIPLibrary/tcpv4.c"
 Parameters:    Size  Location     Type
  ptr             1    wreg     PTR struct .
		 -> DEMO_TCP_Client@port60TCB(52), 
 Auto vars:     Size  Location     Type
  ptr             1    4[COMMON] PTR struct .
		 -> DEMO_TCP_Client@port60TCB(52), 
  tcbPtr          1    3[COMMON] PTR struct .
		 -> DEMO_TCP_Client@port60TCB(52), NULL(0), 
  count           1    2[COMMON] char 
  ret             1    1[COMMON] unsigned char 
 Return value:  Size  Location     Type
                  1    wreg      unsigned char 
 Registers used:
		wreg, fsr1l, fsr1h, status,2, status,0
 Tracked objects:
		On entry : 
		On exit  : 
		Unchanged: 
 Data sizes:     COMMON   BANK0   BANK1   BANK2   BANK3   BANK4   BANK5   BANK6   BANK7   BANK8   BANK9  BANK10  BANK11  BANK12  BANK13  BANK14  BANK15  BANK16  BANK17  BANK18  BANK19  BANK20  BANK21  BANK22  BANK23  BANK24  BANK25
      Params:         0       0       0       0       0       0       0       0       0       0       0       0       0       0       0       0       0       0       0       0       0       0       0       0       0       0       0
      Locals:         4       0       0       0       0       0       0       0       0       0       0       0       0       0       0       0       0       0       0       0       0       0       0       0       0       0       0
      Temps:          1       0       0       0       0       0       0       0       0       0       0       0       0       0       0       0       0       0       0       0       0       0       0       0       0       0       0
      Totals:         5       0       0       0       0       0       0       0       0       0       0       0       0       0       0       0       0       0       0       0       0       0       0       0       0       0       0
Total ram usage:        5 bytes
 Hardware stack levels used:    1
 Hardware stack levels required when called:    3
 This function calls:
		Nothing
 This function is called by:
		_TCP_SocketInit
		_TCP_SocketPoll
		_TCP_Close
		_TCP_SendDone
		_TCP_InsertRxBuffer
		_TCP_GetReceivedData
 This function uses a non-reentrant model


 *************** function _ADC_GetConversion *****************
 Defined at:
		line 112 in file "mcc_generated_files/adc.c"
 Parameters:    Size  Location     Type
  channel         1    wreg     enum E6618
 Auto vars:     Size  Location     Type
  channel         1    3[COMMON] enum E6618
 Return value:  Size  Location     Type
                  2    0[COMMON] unsigned int 
 Registers used:
		wreg, status,2, status,0
 Tracked objects:
		On entry : 
		On exit  : 
		Unchanged: 
 Data sizes:     COMMON   BANK0   BANK1   BANK2   BANK3   BANK4   BANK5   BANK6   BANK7   BANK8   BANK9  BANK10  BANK11  BANK12  BANK13  BANK14  BANK15  BANK16  BANK17  BANK18  BANK19  BANK20  BANK21  BANK22  BANK23  BANK24  BANK25
      Params:         2       0       0       0       0       0       0       0       0       0       0       0       0       0       0       0       0       0       0       0       0       0       0       0       0       0       0
      Locals:         1       0       0       0       0       0       0       0       0       0       0       0       0       0       0       0       0       0       0       0       0       0       0       0       0       0       0
      Temps:          1       0       0       0       0       0       0       0       0       0       0       0       0       0       0       0       0       0       0       0       0       0       0       0       0       0       0
      Totals:         4       0       0       0       0       0       0       0       0       0       0       0       0       0       0       0       0       0       0       0       0       0       0       0       0       0       0
Total ram usage:        4 bytes
 Hardware stack levels used:    1
 Hardware stack levels required when called:    3
 This function calls:
		Nothing
 This function is called by:
		_DEMO_TCP_Client
 This function uses a non-reentrant model


 *************** function _INTERRUPT_InterruptManager *****************
 Defined at:
		line 51 in file "mcc_generated_files/interrupt_manager.c"
 Parameters:    Size  Location     Type
		None
 Auto vars:     Size  Location     Type
		None
 Return value:  Size  Location     Type
                  1    wreg      void 
 Registers used:
		wreg, status,2, status,0, pclath, cstack
 Tracked objects:
		On entry : 
		On exit  : 
		Unchanged: 
 Data sizes:     COMMON   BANK0   BANK1   BANK2   BANK3   BANK4   BANK5   BANK6   BANK7   BANK8   BANK9  BANK10  BANK11  BANK12  BANK13  BANK14  BANK15  BANK16  BANK17  BANK18  BANK19  BANK20  BANK21  BANK22  BANK23  BANK24  BANK25
      Params:         0       0       0       0       0       0       0       0       0       0       0       0       0       0       0       0       0       0       0       0       0       0       0       0       0       0       0
      Locals:         0       0       0       0       0       0       0       0       0       0       0       0       0       0       0       0       0       0       0       0       0       0       0       0       0       0       0
      Temps:          0       0       0       0       0       0       0       0       0       0       0       0       0       0       0       0       0       0       0       0       0       0       0       0       0       0       0
      Totals:         0       0       0       0       0       0       0       0       0       0       0       0       0       0       0       0       0       0       0       0       0       0       0       0       0       0       0
Total ram usage:        0 bytes
 Hardware stack levels used:    1
 Hardware stack levels required when called:    2
 This function calls:
		_TMR1_ISR
 This function is called by:
		Interrupt level 1
 This function uses a non-reentrant model


 *************** function _TMR1_ISR *****************
 Defined at:
		line 155 in file "mcc_generated_files/tmr1.c"
 Parameters:    Size  Location     Type
		None
 Auto vars:     Size  Location     Type
		None
 Return value:  Size  Location     Type
                  1    wreg      void 
 Registers used:
		wreg, status,2, status,0, pclath, cstack
 Tracked objects:
		On entry : 
		On exit  : 
		Unchanged: 
 Data sizes:     COMMON   BANK0   BANK1   BANK2   BANK3   BANK4   BANK5   BANK6   BANK7   BANK8   BANK9  BANK10  BANK11  BANK12  BANK13  BANK14  BANK15  BANK16  BANK17  BANK18  BANK19  BANK20  BANK21  BANK22  BANK23  BANK24  BANK25
      Params:         0       0       0       0       0       0       0       0       0       0       0       0       0       0       0       0       0       0       0       0       0       0       0       0       0       0       0
      Locals:         0       0       0       0       0       0       0       0       0       0       0       0       0       0       0       0       0       0       0       0       0       0       0       0       0       0       0
      Temps:          0       0       0       0       0       0       0       0       0       0       0       0       0       0       0       0       0       0       0       0       0       0       0       0       0       0       0
      Totals:         0       0       0       0       0       0       0       0       0       0       0       0       0       0       0       0       0       0       0       0       0       0       0       0       0       0       0
Total ram usage:        0 bytes
 Hardware stack levels used:    1
 Hardware stack levels required when called:    1
 This function calls:
		_TMR1_CallBack
 This function is called by:
		_INTERRUPT_InterruptManager
 This function uses a non-reentrant model


 *************** function _TMR1_CallBack *****************
 Defined at:
		line 176 in file "mcc_generated_files/tmr1.c"
 Parameters:    Size  Location     Type
		None
 Auto vars:     Size  Location     Type
		None
 Return value:  Size  Location     Type
                  1    wreg      void 
 Registers used:
		wreg, status,2, status,0
 Tracked objects:
		On entry : 
		On exit  : 
		Unchanged: 
 Data sizes:     COMMON   BANK0   BANK1   BANK2   BANK3   BANK4   BANK5   BANK6   BANK7   BANK8   BANK9  BANK10  BANK11  BANK12  BANK13  BANK14  BANK15  BANK16  BANK17  BANK18  BANK19  BANK20  BANK21  BANK22  BANK23  BANK24  BANK25
      Params:         0       0       0       0       0       0       0       0       0       0       0       0       0       0       0       0       0       0       0       0       0       0       0       0       0       0       0
      Locals:         0       0       0       0       0       0       0       0       0       0       0       0       0       0       0       0       0       0       0       0       0       0       0       0       0       0       0
      Temps:          0       0       0       0       0       0       0       0       0       0       0       0       0       0       0       0       0       0       0       0       0       0       0       0       0       0       0
      Totals:         0       0       0       0       0       0       0       0       0       0       0       0       0       0       0       0       0       0       0       0       0       0       0       0       0       0       0
Total ram usage:        0 bytes
 Hardware stack levels used:    1
 This function calls:
		Nothing
 This function is called by:
		_TMR1_ISR
 This function uses a non-reentrant model



MODULE INFORMATION

Module		Function		Class		Link	Load	Size
mcc_generated_files/TCPIPLibrary/tcpv4.c
		_TCP_Close     		CODE           	2C6E	0000	39
		_TCP_InsertRxBuffer		CODE           	2F04	0000	60
		_TCP_FiniteStateMachine		CODE           	0A86	0000	2803
		_TCB_Check     		CODE           	2D90	0000	50
		_TCP_ParseTCPOptions		CODE           	273F	0000	194
		_TCB_Remove    		CODE           	20AD	0000	88
		_TCB_Reset     		CODE           	1001	0000	132
		_TCP_GetReceivedData		CODE           	2ECB	0000	58
		_TCP_Connect   		CODE           	243A	0000	119
		_TCP_Init      		CODE           	2A5B	0000	19
		_TCP_Send      		CODE           	22ED	0000	109
		_TCP_SocketRemove		CODE           	29CB	0000	13
		_TCP_SendDone  		CODE           	2AD0	0000	22
		_TCP_SocketPoll		CODE           	2A93	0000	21
		_TCP_SocketInit		CODE           	2282	0000	108
		_TCP_Snd       		CODE           	14B7	0000	842
		_TCB_Insert    		CODE           	2C94	0000	40
		_TCP_PayloadSave		CODE           	2680	0000	192
		_TCP_Recv      		CODE           	0813	0000	628
		_TCP_Update    		CODE           	074C	0000	178

mcc_generated_files/TCPIPLibrary/tcpv4.c estimated size: 5715

C:\Program Files\Microchip\xc8v220\pic\sources\c90\common\strlen.c
		_strlen        		CODE           	2000	0000	25

C:\Program Files\Microchip\xc8v220\pic\sources\c90\common\strlen.c estimated size: 25

mcc_generated_files/interrupt_manager.c
		_INTERRUPT_InterruptManager		CODE           	0004	0000	15

mcc_generated_files/interrupt_manager.c estimated size: 15

mcc_generated_files/TCPIPLibrary/ENC28J60.c
		_ETH_SendSystemReset		CODE           	299D	0000	9
		_ETH_ComputeChecksum		CODE           	2359	0000	111
		_ENC28_PhyRead 		CODE           	2C24	0000	37
		_ETH_CheckLinkUp		CODE           	2A38	0000	18
		_ENC28_PhyWrite		CODE           	2BE1	0000	33
		_ETH_Write8    		CODE           	2A49	0000	19
		_ETH_Write32   		CODE           	2BA4	0000	30
		_ETH_Write16   		CODE           	2ABB	0000	22
		_ENC28_Bfc     		CODE           	2A80	0000	20
		_ENC28_Bfs     		CODE           	2A6D	0000	20
		_ENC28_Rcr8    		CODE           	2B25	0000	23
		_ETH_Insert    		CODE           	2F7E	0000	65
		_ENC28_Rcr16   		CODE           	2D62	0000	47
		_ETH_Read8     		CODE           	2A18	0000	17
		_ETH_Read16    		CODE           	2C01	0000	36
		_ETH_Init      		CODE           	05E9	0000	356
		_ENC28_BankSel 		CODE           	2DC1	0000	52
		_ETH_RxComputeChecksum		CODE           	2E93	0000	57
		_ETH_NextPacketUpdate		CODE           	21BA	0000	95
		_ETH_Flush     		CODE           	2CBB	0000	40
		_ETH_WriteBlock		CODE           	2CE2	0000	41
		_ETH_Send      		CODE           	2BC1	0000	33
		_ETH_WriteStart		CODE           	19ED	0000	257
		_ETH_ReadBlock 		CODE           	2F3F	0000	64
		_ETH_Copy      		CODE           	25D1	0000	176
		_ETH_GetMAC    		CODE           	215F	0000	92
		_ETH_Dump      		CODE           	2E28	0000	54
		_ENC28_Wcr8    		CODE           	0800	0000	20
		_ENC28_Wcr16   		CODE           	2C48	0000	39
		_ETH_TxComputeChecksum		CODE           	2529	0000	169
		_ETH_GetReadPtr		CODE           	298D	0000	9
		_ETH_EventHandler		CODE           	1802	0000	96

mcc_generated_files/TCPIPLibrary/ENC28J60.c estimated size: 2157

C:\Program Files\Microchip\xc8v220\pic\sources\c90\common\lwmod.c
		___lwmod       		CODE           	2D0A	0000	45

C:\Program Files\Microchip\xc8v220\pic\sources\c90\common\lwmod.c estimated size: 45

mcc_generated_files/pin_manager.c
		_PIN_MANAGER_Initialize		CODE           	2FBE	0000	67

mcc_generated_files/pin_manager.c estimated size: 67

mcc_generated_files/TCPIPLibrary/ip_database.c
		_ipdb_init     		CODE           	205F	0000	79

mcc_generated_files/TCPIPLibrary/ip_database.c estimated size: 79

mcc_generated_files/TCPIPLibrary/icmp.c
		_resetPortUnreachable		CODE           	296E	0000	5
		_ICMP_Receive  		CODE           	23C7	0000	116
		_isPortUnreachable		CODE           	29EF	0000	14
		_ICMP_EchoReply		CODE           	1925	0000	201

mcc_generated_files/TCPIPLibrary/icmp.c estimated size: 336

mcc_generated_files/spi1.c
		_SPI1_Initialize		CODE           	2986	0000	8
		_SPI1_Exchange8bit		CODE           	29A5	0000	10

mcc_generated_files/spi1.c estimated size: 18

mcc_generated_files/TCPIPLibrary/network.c
		_Network_Read  		CODE           	2104	0000	92
		_Network_Init  		CODE           	2AE5	0000	22
		_Network_WaitForLink		CODE           	297F	0000	8
		_timersInit    		CODE           	2A28	0000	17
		_Network_Manage		CODE           	2218	0000	107

mcc_generated_files/TCPIPLibrary/network.c estimated size: 246

mcc_generated_files/adc.c
		_ADC_Initialize		CODE           	29AE	0000	10
		_ADC_GetConversion		CODE           	2B0F	0000	23

mcc_generated_files/adc.c estimated size: 33

mcc_generated_files/TCPIPLibrary/arpv4.c
		_ARPV4_Packet  		CODE           	1D48	0000	697
		_ARPV4_Init    		CODE           	2AA7	0000	21
		_ARPV4_Lookup  		CODE           	2E5D	0000	55
		_ARPV4_Update  		CODE           	2B6E	0000	28
		_ARPV4_Request 		CODE           	1AED	0000	286

mcc_generated_files/TCPIPLibrary/arpv4.c estimated size: 1087

tcp_client_demo.c
		_DEMO_TCP_Client		CODE           	1C0A	0000	319
		_TCP_Client_Initialize		CODE           	29FC	0000	14

tcp_client_demo.c estimated size: 333

mcc_generated_files/TCPIPLibrary/mac_address.c
		_MAC_getAddress		CODE           	297A	0000	6

mcc_generated_files/TCPIPLibrary/mac_address.c estimated size: 6

mcc_generated_files/TCPIPLibrary/ipv4.c
		_IPV4_Send     		CODE           	2018	0000	72
		_IPV4_Packet   		CODE           	11D2	0000	742
		_IPV4_PseudoHeaderChecksum		CODE           	24B0	0000	122
		_IPv4_Start    		CODE           	1084	0000	335
		_IPV4_Init     		CODE           	296B	0000	4
		_IPV4_SaveStartPosition		CODE           	2995	0000	9

mcc_generated_files/TCPIPLibrary/ipv4.c estimated size: 1284

mcc_generated_files/TCPIPLibrary/rtcc.c
		_rtcc_init     		CODE           	29D7	0000	13
		_time          		CODE           	2D36	0000	45

mcc_generated_files/TCPIPLibrary/rtcc.c estimated size: 58

shared
		_macAddress    		STRCODE        	3069	0000	7
		_dpowers       		STRCODE        	3055	0000	11
		__initialization		CODE           	0014	0000	86
		_xorSequences  		STRCODE        	0000	0000	0
		_broadcastMAC  		STRCODE        	306F	0000	7

shared estimated size: 111

C:\Program Files\Microchip\xc8v220\pic\sources\c90\common\doprnt.c
		_sprintf       		CODE           	1861	0000	197

C:\Program Files\Microchip\xc8v220\pic\sources\c90\common\doprnt.c estimated size: 197

C:\Program Files\Microchip\xc8v220\pic\sources\c90\common\lwdiv.c
		___lwdiv       		CODE           	2DF4	0000	53

C:\Program Files\Microchip\xc8v220\pic\sources\c90\common\lwdiv.c estimated size: 53

mcc_generated_files/mcc.c
		_WDT_Initialize		CODE           	2972	0000	5
		_OSCILLATOR_Initialize		CODE           	29B7	0000	10
		_SYSTEM_Initialize		CODE           	2AFA	0000	22

mcc_generated_files/mcc.c estimated size: 37

mcc_generated_files/tmr1.c
		_TMR1_Initialize		CODE           	2B3B	0000	26
		_TMR1_SetInterruptHandler		CODE           	29C0	0000	12
		_TMR1_CallBack 		CODE           	0003	0000	2
		_TMR1_StartTimer		CODE           	07FD	0000	4
		_TMR1_ISR      		CODE           	2B54	0000	27

mcc_generated_files/tmr1.c estimated size: 71

C:\Program Files\Microchip\xc8v220\pic\sources\c90\common\Umul16.c
		___wmul        		CODE           	2B89	0000	28

C:\Program Files\Microchip\xc8v220\pic\sources\c90\common\Umul16.c estimated size: 28

main.c
		_main          		CODE           	2A09	0000	16

main.c estimated size: 16

